Copyright 1986-2022 Xilinx, Inc. All Rights Reserved. Copyright 2022-2025 Advanced Micro Devices, Inc. All Rights Reserved.
---------------------------------------------------------------------------------------------------------------------------------------------
| Tool Version : Vivado v.2025.2 (win64) Build 6299465 Fri Nov 14 19:35:11 GMT 2025
| Date         : Fri Sep  4 03:05:19 2026
| Host         : LAPTOP-EPHGQB72 running 64-bit major release  (build 9200)
| Command      : report_utilization -file impl_results/artix7_4core_speed3/artix7_utilization.rpt -hierarchical -hierarchical_percentages
| Design       : iv_multi_engine_top
| Device       : xc7a200tffg1156-3
| Speed File   : -3
| Design State : Routed
---------------------------------------------------------------------------------------------------------------------------------------------

Utilization Design Information

Table of Contents
-----------------
1. Utilization by Hierarchy

1. Utilization by Hierarchy
---------------------------

+--------------------------------------+--------------------------------+----------------+---------------+------------+--------------+----------------+----------+----------+-------------+
|               Instance               |             Module             |   Total LUTs   |   Logic LUTs  |   LUTRAMs  |     SRLs     |       FFs      |  RAMB36  |  RAMB18  |  DSP Blocks |
+--------------------------------------+--------------------------------+----------------+---------------+------------+--------------+----------------+----------+----------+-------------+
| iv_multi_engine_top                  |                          (top) | 106456(79.56%) | 99974(74.72%) | 904(1.96%) | 5578(12.07%) | 137754(51.48%) | 0(0.00%) | 0(0.00%) | 560(75.68%) |
|   (iv_multi_engine_top)              |                          (top) |       0(0.00%) |      0(0.00%) |   0(0.00%) |     0(0.00%) |     267(0.10%) | 0(0.00%) | 0(0.00%) |    0(0.00%) |
|   core_inst_gen[0].u_engine_core     |                iv_axis_wrapper |  26603(19.88%) | 24984(18.67%) | 226(0.49%) |  1393(3.02%) |  34355(12.84%) | 0(0.00%) | 0(0.00%) | 140(18.92%) |
|     (core_inst_gen[0].u_engine_core) |                iv_axis_wrapper |    3510(2.62%) |   3510(2.62%) |   0(0.00%) |     0(0.00%) |    9844(3.68%) | 0(0.00%) | 0(0.00%) |    0(0.00%) |
|     u_iv_top                         |                      iv_top_34 |  23217(17.35%) | 21598(16.14%) | 226(0.49%) |  1393(3.02%) |   24511(9.16%) | 0(0.00%) | 0(0.00%) | 140(18.92%) |
|       (u_iv_top)                     |                      iv_top_34 |     655(0.49%) |     79(0.06%) | 226(0.49%) |   350(0.76%) |     410(0.15%) | 0(0.00%) | 0(0.00%) |    0(0.00%) |
|       cordic_inst                    | pipelined_hyperbolic_cordic_35 |    1294(0.97%) |   1293(0.97%) |   0(0.00%) |     1(0.01%) |    1614(0.60%) | 0(0.00%) | 0(0.00%) |    0(0.00%) |
|       u_arb_fsm                      |          iv_arbitration_fsm_36 |     172(0.13%) |    172(0.13%) |   0(0.00%) |     0(0.00%) |      78(0.03%) | 0(0.00%) | 0(0.00%) |    0(0.00%) |
|       u_bs_datapath                  |              iv_bs_datapath_37 |  17663(13.20%) | 16654(12.45%) |   0(0.00%) |  1009(2.18%) |   19747(7.38%) | 0(0.00%) | 0(0.00%) | 136(18.38%) |
|         (u_bs_datapath)              |              iv_bs_datapath_37 |    1854(1.39%) |   1070(0.80%) |   0(0.00%) |   784(1.70%) |    1543(0.58%) | 0(0.00%) | 0(0.00%) |   40(5.41%) |
|         u_d1_divider                 |             iv_divider_q824_40 |    3240(2.42%) |   3208(2.40%) |   0(0.00%) |    32(0.07%) |    2608(0.97%) | 0(0.00%) | 0(0.00%) |    0(0.00%) |
|         u_ln_divider                 |             iv_divider_q824_41 |    3207(2.40%) |   3175(2.37%) |   0(0.00%) |    32(0.07%) |    2576(0.96%) | 0(0.00%) | 0(0.00%) |    0(0.00%) |
|         u_norm_d1                    |                 iv_norm_cdf_42 |    4073(3.04%) |   3976(2.97%) |   0(0.00%) |    97(0.21%) |    5850(2.19%) | 0(0.00%) | 0(0.00%) |   48(6.49%) |
|           (u_norm_d1)                |                 iv_norm_cdf_42 |     867(0.65%) |    802(0.60%) |   0(0.00%) |    65(0.14%) |    3270(1.22%) | 0(0.00%) | 0(0.00%) |   48(6.49%) |
|           u_t_divider                |             iv_divider_q824_46 |    3206(2.40%) |   3174(2.37%) |   0(0.00%) |    32(0.07%) |    2580(0.96%) | 0(0.00%) | 0(0.00%) |    0(0.00%) |
|         u_norm_d2                    |                 iv_norm_cdf_43 |    4026(3.01%) |   3962(2.96%) |   0(0.00%) |    64(0.14%) |    5818(2.17%) | 0(0.00%) | 0(0.00%) |   48(6.49%) |
|           (u_norm_d2)                |                 iv_norm_cdf_43 |     819(0.61%) |    786(0.59%) |   0(0.00%) |    33(0.07%) |    3238(1.21%) | 0(0.00%) | 0(0.00%) |   48(6.49%) |
|           u_t_divider                |             iv_divider_q824_45 |    3207(2.40%) |   3176(2.37%) |   0(0.00%) |    31(0.07%) |    2580(0.96%) | 0(0.00%) | 0(0.00%) |    0(0.00%) |
|         u_sqrt_T                     |                iv_sqrt_q824_44 |    1265(0.95%) |   1265(0.95%) |   0(0.00%) |     0(0.00%) |    1352(0.51%) | 0(0.00%) | 0(0.00%) |    0(0.00%) |
|       u_gain_comp                    |           iv_kn_compensator_38 |     300(0.22%) |    300(0.22%) |   0(0.00%) |     0(0.00%) |      52(0.02%) | 0(0.00%) | 0(0.00%) |    4(0.54%) |
|       u_nr_divider                   |             iv_divider_q824_39 |    3133(2.34%) |   3100(2.32%) |   0(0.00%) |    33(0.07%) |    2610(0.98%) | 0(0.00%) | 0(0.00%) |    0(0.00%) |
|   core_inst_gen[1].u_engine_core     |              iv_axis_wrapper_0 |  26606(19.88%) | 24981(18.67%) | 226(0.49%) |  1399(3.03%) |  34445(12.87%) | 0(0.00%) | 0(0.00%) | 140(18.92%) |
|     (core_inst_gen[1].u_engine_core) |              iv_axis_wrapper_0 |    3507(2.62%) |   3507(2.62%) |   0(0.00%) |     0(0.00%) |    9844(3.68%) | 0(0.00%) | 0(0.00%) |    0(0.00%) |
|     u_iv_top                         |                      iv_top_21 |  23223(17.36%) | 21598(16.14%) | 226(0.49%) |  1399(3.03%) |   24601(9.19%) | 0(0.00%) | 0(0.00%) | 140(18.92%) |
|       (u_iv_top)                     |                      iv_top_21 |     665(0.50%) |     83(0.06%) | 226(0.49%) |   356(0.77%) |     422(0.16%) | 0(0.00%) | 0(0.00%) |    0(0.00%) |
|       cordic_inst                    | pipelined_hyperbolic_cordic_22 |    1297(0.97%) |   1296(0.97%) |   0(0.00%) |     1(0.01%) |    1684(0.63%) | 0(0.00%) | 0(0.00%) |    0(0.00%) |
|       u_arb_fsm                      |          iv_arbitration_fsm_23 |     175(0.13%) |    175(0.13%) |   0(0.00%) |     0(0.00%) |      78(0.03%) | 0(0.00%) | 0(0.00%) |    0(0.00%) |
|       u_bs_datapath                  |              iv_bs_datapath_24 |  17656(13.20%) | 16647(12.44%) |   0(0.00%) |  1009(2.18%) |   19755(7.38%) | 0(0.00%) | 0(0.00%) | 136(18.38%) |
|         (u_bs_datapath)              |              iv_bs_datapath_24 |    1855(1.39%) |   1071(0.80%) |   0(0.00%) |   784(1.70%) |    1551(0.58%) | 0(0.00%) | 0(0.00%) |   40(5.41%) |
|         u_d1_divider                 |             iv_divider_q824_27 |    3239(2.42%) |   3207(2.40%) |   0(0.00%) |    32(0.07%) |    2608(0.97%) | 0(0.00%) | 0(0.00%) |    0(0.00%) |
|         u_ln_divider                 |             iv_divider_q824_28 |    3206(2.40%) |   3174(2.37%) |   0(0.00%) |    32(0.07%) |    2576(0.96%) | 0(0.00%) | 0(0.00%) |    0(0.00%) |
|         u_norm_d1                    |                 iv_norm_cdf_29 |    4071(3.04%) |   3974(2.97%) |   0(0.00%) |    97(0.21%) |    5850(2.19%) | 0(0.00%) | 0(0.00%) |   48(6.49%) |
|           (u_norm_d1)                |                 iv_norm_cdf_29 |     867(0.65%) |    802(0.60%) |   0(0.00%) |    65(0.14%) |    3270(1.22%) | 0(0.00%) | 0(0.00%) |   48(6.49%) |
|           u_t_divider                |             iv_divider_q824_33 |    3204(2.39%) |   3172(2.37%) |   0(0.00%) |    32(0.07%) |    2580(0.96%) | 0(0.00%) | 0(0.00%) |    0(0.00%) |
|         u_norm_d2                    |                 iv_norm_cdf_30 |    4020(3.00%) |   3956(2.96%) |   0(0.00%) |    64(0.14%) |    5818(2.17%) | 0(0.00%) | 0(0.00%) |   48(6.49%) |
|           (u_norm_d2)                |                 iv_norm_cdf_30 |     819(0.61%) |    786(0.59%) |   0(0.00%) |    33(0.07%) |    3238(1.21%) | 0(0.00%) | 0(0.00%) |   48(6.49%) |
|           u_t_divider                |             iv_divider_q824_32 |    3202(2.39%) |   3171(2.37%) |   0(0.00%) |    31(0.07%) |    2580(0.96%) | 0(0.00%) | 0(0.00%) |    0(0.00%) |
|         u_sqrt_T                     |                iv_sqrt_q824_31 |    1265(0.95%) |   1265(0.95%) |   0(0.00%) |     0(0.00%) |    1352(0.51%) | 0(0.00%) | 0(0.00%) |    0(0.00%) |
|       u_gain_comp                    |           iv_kn_compensator_25 |     301(0.22%) |    301(0.22%) |   0(0.00%) |     0(0.00%) |      52(0.02%) | 0(0.00%) | 0(0.00%) |    4(0.54%) |
|       u_nr_divider                   |             iv_divider_q824_26 |    3131(2.34%) |   3098(2.32%) |   0(0.00%) |    33(0.07%) |    2610(0.98%) | 0(0.00%) | 0(0.00%) |    0(0.00%) |
|   core_inst_gen[2].u_engine_core     |              iv_axis_wrapper_1 |  26593(19.88%) | 24974(18.67%) | 226(0.49%) |  1393(3.02%) |  34341(12.83%) | 0(0.00%) | 0(0.00%) | 140(18.92%) |
|     (core_inst_gen[2].u_engine_core) |              iv_axis_wrapper_1 |    3515(2.63%) |   3515(2.63%) |   0(0.00%) |     0(0.00%) |    9844(3.68%) | 0(0.00%) | 0(0.00%) |    0(0.00%) |
|     u_iv_top                         |                       iv_top_8 |  23202(17.34%) | 21583(16.13%) | 226(0.49%) |  1393(3.02%) |   24497(9.15%) | 0(0.00%) | 0(0.00%) | 140(18.92%) |
|       (u_iv_top)                     |                       iv_top_8 |     653(0.49%) |     77(0.06%) | 226(0.49%) |   350(0.76%) |     410(0.15%) | 0(0.00%) | 0(0.00%) |    0(0.00%) |
|       cordic_inst                    |  pipelined_hyperbolic_cordic_9 |    1295(0.97%) |   1294(0.97%) |   0(0.00%) |     1(0.01%) |    1614(0.60%) | 0(0.00%) | 0(0.00%) |    0(0.00%) |
|       u_arb_fsm                      |          iv_arbitration_fsm_10 |     179(0.13%) |    179(0.13%) |   0(0.00%) |     0(0.00%) |      78(0.03%) | 0(0.00%) | 0(0.00%) |    0(0.00%) |
|       u_bs_datapath                  |              iv_bs_datapath_11 |  17645(13.19%) | 16636(12.43%) |   0(0.00%) |  1009(2.18%) |   19733(7.37%) | 0(0.00%) | 0(0.00%) | 136(18.38%) |
|         (u_bs_datapath)              |              iv_bs_datapath_11 |    1844(1.38%) |   1060(0.79%) |   0(0.00%) |   784(1.70%) |    1529(0.57%) | 0(0.00%) | 0(0.00%) |   40(5.41%) |
|         u_d1_divider                 |             iv_divider_q824_14 |    3238(2.42%) |   3206(2.40%) |   0(0.00%) |    32(0.07%) |    2608(0.97%) | 0(0.00%) | 0(0.00%) |    0(0.00%) |
|         u_ln_divider                 |             iv_divider_q824_15 |    3208(2.40%) |   3176(2.37%) |   0(0.00%) |    32(0.07%) |    2576(0.96%) | 0(0.00%) | 0(0.00%) |    0(0.00%) |
|         u_norm_d1                    |                 iv_norm_cdf_16 |    4069(3.04%) |   3972(2.97%) |   0(0.00%) |    97(0.21%) |    5850(2.19%) | 0(0.00%) | 0(0.00%) |   48(6.49%) |
|           (u_norm_d1)                |                 iv_norm_cdf_16 |     867(0.65%) |    802(0.60%) |   0(0.00%) |    65(0.14%) |    3270(1.22%) | 0(0.00%) | 0(0.00%) |   48(6.49%) |
|           u_t_divider                |             iv_divider_q824_20 |    3202(2.39%) |   3170(2.37%) |   0(0.00%) |    32(0.07%) |    2580(0.96%) | 0(0.00%) | 0(0.00%) |    0(0.00%) |
|         u_norm_d2                    |                 iv_norm_cdf_17 |    4023(3.01%) |   3959(2.96%) |   0(0.00%) |    64(0.14%) |    5818(2.17%) | 0(0.00%) | 0(0.00%) |   48(6.49%) |
|           (u_norm_d2)                |                 iv_norm_cdf_17 |     819(0.61%) |    786(0.59%) |   0(0.00%) |    33(0.07%) |    3238(1.21%) | 0(0.00%) | 0(0.00%) |   48(6.49%) |
|           u_t_divider                |             iv_divider_q824_19 |    3204(2.39%) |   3173(2.37%) |   0(0.00%) |    31(0.07%) |    2580(0.96%) | 0(0.00%) | 0(0.00%) |    0(0.00%) |
|         u_sqrt_T                     |                iv_sqrt_q824_18 |    1264(0.94%) |   1264(0.94%) |   0(0.00%) |     0(0.00%) |    1352(0.51%) | 0(0.00%) | 0(0.00%) |    0(0.00%) |
|       u_gain_comp                    |           iv_kn_compensator_12 |     300(0.22%) |    300(0.22%) |   0(0.00%) |     0(0.00%) |      52(0.02%) | 0(0.00%) | 0(0.00%) |    4(0.54%) |
|       u_nr_divider                   |             iv_divider_q824_13 |    3132(2.34%) |   3099(2.32%) |   0(0.00%) |    33(0.07%) |    2610(0.98%) | 0(0.00%) | 0(0.00%) |    0(0.00%) |
|   core_inst_gen[3].u_engine_core     |              iv_axis_wrapper_2 |  26656(19.92%) | 25037(18.71%) | 226(0.49%) |  1393(3.02%) |  34346(12.83%) | 0(0.00%) | 0(0.00%) | 140(18.92%) |
|     (core_inst_gen[3].u_engine_core) |              iv_axis_wrapper_2 |    3565(2.66%) |   3565(2.66%) |   0(0.00%) |     0(0.00%) |    9844(3.68%) | 0(0.00%) | 0(0.00%) |    0(0.00%) |
|     u_iv_top                         |                         iv_top |  23215(17.35%) | 21596(16.14%) | 226(0.49%) |  1393(3.02%) |   24502(9.16%) | 0(0.00%) | 0(0.00%) | 140(18.92%) |
|       (u_iv_top)                     |                         iv_top |     654(0.49%) |     78(0.06%) | 226(0.49%) |   350(0.76%) |     410(0.15%) | 0(0.00%) | 0(0.00%) |    0(0.00%) |
|       cordic_inst                    |    pipelined_hyperbolic_cordic |    1293(0.97%) |   1292(0.97%) |   0(0.00%) |     1(0.01%) |    1614(0.60%) | 0(0.00%) | 0(0.00%) |    0(0.00%) |
|       u_arb_fsm                      |             iv_arbitration_fsm |     173(0.13%) |    173(0.13%) |   0(0.00%) |     0(0.00%) |      78(0.03%) | 0(0.00%) | 0(0.00%) |    0(0.00%) |
|       u_bs_datapath                  |                 iv_bs_datapath |  17663(13.20%) | 16654(12.45%) |   0(0.00%) |  1009(2.18%) |   19738(7.38%) | 0(0.00%) | 0(0.00%) | 136(18.38%) |
|         (u_bs_datapath)              |                 iv_bs_datapath |    1849(1.38%) |   1065(0.80%) |   0(0.00%) |   784(1.70%) |    1534(0.57%) | 0(0.00%) | 0(0.00%) |   40(5.41%) |
|         u_d1_divider                 |              iv_divider_q824_3 |    3239(2.42%) |   3207(2.40%) |   0(0.00%) |    32(0.07%) |    2608(0.97%) | 0(0.00%) | 0(0.00%) |    0(0.00%) |
|         u_ln_divider                 |              iv_divider_q824_4 |    3209(2.40%) |   3177(2.37%) |   0(0.00%) |    32(0.07%) |    2576(0.96%) | 0(0.00%) | 0(0.00%) |    0(0.00%) |
|         u_norm_d1                    |                    iv_norm_cdf |    4076(3.05%) |   3979(2.97%) |   0(0.00%) |    97(0.21%) |    5850(2.19%) | 0(0.00%) | 0(0.00%) |   48(6.49%) |
|           (u_norm_d1)                |                    iv_norm_cdf |     866(0.65%) |    801(0.60%) |   0(0.00%) |    65(0.14%) |    3270(1.22%) | 0(0.00%) | 0(0.00%) |   48(6.49%) |
|           u_t_divider                |              iv_divider_q824_7 |    3210(2.40%) |   3178(2.38%) |   0(0.00%) |    32(0.07%) |    2580(0.96%) | 0(0.00%) | 0(0.00%) |    0(0.00%) |
|         u_norm_d2                    |                  iv_norm_cdf_5 |    4027(3.01%) |   3963(2.96%) |   0(0.00%) |    64(0.14%) |    5818(2.17%) | 0(0.00%) | 0(0.00%) |   48(6.49%) |
|           (u_norm_d2)                |                  iv_norm_cdf_5 |     819(0.61%) |    786(0.59%) |   0(0.00%) |    33(0.07%) |    3238(1.21%) | 0(0.00%) | 0(0.00%) |   48(6.49%) |
|           u_t_divider                |              iv_divider_q824_6 |    3208(2.40%) |   3177(2.37%) |   0(0.00%) |    31(0.07%) |    2580(0.96%) | 0(0.00%) | 0(0.00%) |    0(0.00%) |
|         u_sqrt_T                     |                   iv_sqrt_q824 |    1264(0.94%) |   1264(0.94%) |   0(0.00%) |     0(0.00%) |    1352(0.51%) | 0(0.00%) | 0(0.00%) |    0(0.00%) |
|       u_gain_comp                    |              iv_kn_compensator |     300(0.22%) |    300(0.22%) |   0(0.00%) |     0(0.00%) |      52(0.02%) | 0(0.00%) | 0(0.00%) |    4(0.54%) |
|       u_nr_divider                   |                iv_divider_q824 |    3133(2.34%) |   3100(2.32%) |   0(0.00%) |    33(0.07%) |    2610(0.98%) | 0(0.00%) | 0(0.00%) |    0(0.00%) |
+--------------------------------------+--------------------------------+----------------+---------------+------------+--------------+----------------+----------+----------+-------------+
* Note: The sum of lower-level cells may be larger than their parent cells total, due to cross-hierarchy LUT combining


