Copyright 1986-2022 Xilinx, Inc. All Rights Reserved. Copyright 2022-2025 Advanced Micro Devices, Inc. All Rights Reserved.
---------------------------------------------------------------------------------------------------------------------------------------------------------
| Tool Version     : Vivado v.2025.2 (win64) Build 6299465 Fri Nov 14 19:35:11 GMT 2025
| Date             : Sat Sep  5 14:52:10 2026
| Host             : LAPTOP-EPHGQB72 running 64-bit major release  (build 9200)
| Command          : report_power -file impl_results/artix7_4core_speed3/artix7_power.rpt -xpe impl_results/artix7_4core_speed3/artix7_power.xpe
| Design           : iv_multi_engine_top
| Device           : xc7a200tffg1156-3
| Design State     : routed
| Grade            : extended
| Process          : typical
| Characterization : Production
---------------------------------------------------------------------------------------------------------------------------------------------------------

Power Report

Table of Contents
-----------------
1. Summary
1.1 On-Chip Components
1.2 Power Supply Summary
1.3 Confidence Level
2. Settings
2.1 Environment
2.2 Clock Constraints
3. Detailed Reports
3.1 By Hierarchy

1. Summary
----------

+--------------------------+--------------+
| Total On-Chip Power (W)  | 4.258        |
| Design Power Budget (W)  | Unspecified* |
| Power Budget Margin (W)  | NA           |
| Dynamic (W)              | 4.127        |
| Device Static (W)        | 0.132        |
| Effective TJA (C/W)      | 1.5          |
| Max Ambient (C)          | 93.8         |
| Junction Temperature (C) | 31.2         |
| Confidence Level         | Medium       |
| Setting File             | ---          |
| Simulation Activity File | ---          |
| Design Nets Matched      | NA           |
+--------------------------+--------------+
* Specify Design Power Budget using, set_operating_conditions -design_power_budget <value in Watts>


1.1 On-Chip Components
----------------------

+--------------------------+-----------+----------+-----------+-----------------+
| On-Chip                  | Power (W) | Used     | Available | Utilization (%) |
+--------------------------+-----------+----------+-----------+-----------------+
| Clocks                   |     0.589 |        3 |       --- |             --- |
| Slice Logic              |     1.388 |   297244 |       --- |             --- |
|   LUT as Logic           |     1.149 |    96386 |    133800 |           72.04 |
|   CARRY4                 |     0.104 |    17252 |     33450 |           51.58 |
|   Register               |     0.091 |   129786 |    267600 |           48.50 |
|   LUT as Shift Register  |     0.039 |     8656 |     46200 |           18.74 |
|   LUT as Distributed RAM |     0.002 |     1256 |     46200 |            2.72 |
|   F7/F8 Muxes            |     0.001 |     6372 |    133800 |            4.76 |
|   Others                 |     0.000 |     1863 |       --- |             --- |
|   BUFG                   |     0.000 |        1 |        32 |            3.13 |
| Signals                  |     1.617 |   215203 |       --- |             --- |
| DSPs                     |     0.533 |      608 |       740 |           82.16 |
| Static Power             |     0.132 |          |           |                 |
| Total                    |     4.258 |          |           |                 |
+--------------------------+-----------+----------+-----------+-----------------+


1.2 Power Supply Summary
------------------------

+-----------+-------------+-----------+-------------+------------+-------------+-------------+------------+
| Source    | Voltage (V) | Total (A) | Dynamic (A) | Static (A) | Powerup (A) | Budget (A)  | Margin (A) |
+-----------+-------------+-----------+-------------+------------+-------------+-------------+------------+
| Vccint    |       1.000 |     4.165 |       4.127 |      0.038 |       NA    | Unspecified | NA         |
| Vccaux    |       1.800 |     0.031 |       0.000 |      0.031 |       NA    | Unspecified | NA         |
| Vcco33    |       3.300 |     0.000 |       0.000 |      0.000 |       NA    | Unspecified | NA         |
| Vcco25    |       2.500 |     0.000 |       0.000 |      0.000 |       NA    | Unspecified | NA         |
| Vcco18    |       1.800 |     0.000 |       0.000 |      0.000 |       NA    | Unspecified | NA         |
| Vcco15    |       1.500 |     0.000 |       0.000 |      0.000 |       NA    | Unspecified | NA         |
| Vcco135   |       1.350 |     0.000 |       0.000 |      0.000 |       NA    | Unspecified | NA         |
| Vcco12    |       1.200 |     0.000 |       0.000 |      0.000 |       NA    | Unspecified | NA         |
| Vccaux_io |       1.800 |     0.000 |       0.000 |      0.000 |       NA    | Unspecified | NA         |
| Vccbram   |       1.000 |     0.001 |       0.000 |      0.001 |       NA    | Unspecified | NA         |
| MGTAVcc   |       1.000 |     0.000 |       0.000 |      0.000 |       NA    | Unspecified | NA         |
| MGTAVtt   |       1.200 |     0.000 |       0.000 |      0.000 |       NA    | Unspecified | NA         |
| Vccadc    |       1.800 |     0.020 |       0.000 |      0.020 |       NA    | Unspecified | NA         |
+-----------+-------------+-----------+-------------+------------+-------------+-------------+------------+


1.3 Confidence Level
--------------------

+-----------------------------+------------+------------------------------------------------+------------------------------------------------------------------------------------------------------------+
| User Input Data             | Confidence | Details                                        | Action                                                                                                     |
+-----------------------------+------------+------------------------------------------------+------------------------------------------------------------------------------------------------------------+
| Design implementation state | High       | Design is routed                               |                                                                                                            |
| Clock nodes activity        | High       | User specified more than 95% of clocks         |                                                                                                            |
| I/O nodes activity          | High       | User specified more than 95% of inputs         |                                                                                                            |
| Internal nodes activity     | Medium     | User specified less than 25% of internal nodes | Provide missing internal nodes activity with simulation results or by editing the "By Resource Type" views |
| Device models               | High       | Device models are Production                   |                                                                                                            |
|                             |            |                                                |                                                                                                            |
| Overall confidence level    | Medium     |                                                |                                                                                                            |
+-----------------------------+------------+------------------------------------------------+------------------------------------------------------------------------------------------------------------+


2. Settings
-----------

2.1 Environment
---------------

+-----------------------+--------------------------+
| Ambient Temp (C)      | 25.0                     |
| ThetaJA (C/W)         | 1.5                      |
| Airflow (LFM)         | 250                      |
| Heat Sink             | medium (Medium Profile)  |
| ThetaSA (C/W)         | 2.4                      |
| Board Selection       | medium (10"x10")         |
| # of Board Layers     | 12to15 (12 to 15 Layers) |
| Board Temperature (C) | 25.0                     |
+-----------------------+--------------------------+


2.2 Clock Constraints
---------------------

+-------+--------+-----------------+
| Clock | Domain | Constraint (ns) |
+-------+--------+-----------------+
| aclk  | aclk   |            10.0 |
+-------+--------+-----------------+


3. Detailed Reports
-------------------

3.1 By Hierarchy
----------------

+-----------------------------------+-----------+
| Name                              | Power (W) |
+-----------------------------------+-----------+
| iv_multi_engine_top               |     4.127 |
|   core_inst_gen[0].u_engine_core  |     1.040 |
|     u_iv_top                      |     0.987 |
|       cordic_inst                 |     0.053 |
|       gen_init_guess.u_init_guess |     0.146 |
|       u_arb_fsm                   |     0.005 |
|       u_bs_datapath               |     0.598 |
|       u_gain_comp                 |     0.005 |
|       u_gamma_divider             |     0.080 |
|       u_nr_divider                |     0.087 |
|   core_inst_gen[1].u_engine_core  |     1.016 |
|     u_iv_top                      |     0.962 |
|       cordic_inst                 |     0.050 |
|       gen_init_guess.u_init_guess |     0.145 |
|       u_arb_fsm                   |     0.005 |
|       u_bs_datapath               |     0.582 |
|       u_gain_comp                 |     0.005 |
|       u_gamma_divider             |     0.078 |
|       u_nr_divider                |     0.083 |
|   core_inst_gen[2].u_engine_core  |     1.031 |
|     u_iv_top                      |     0.979 |
|       cordic_inst                 |     0.048 |
|       gen_init_guess.u_init_guess |     0.149 |
|       u_arb_fsm                   |     0.005 |
|       u_bs_datapath               |     0.591 |
|       u_gain_comp                 |     0.005 |
|       u_gamma_divider             |     0.082 |
|       u_nr_divider                |     0.084 |
|   core_inst_gen[3].u_engine_core  |     1.038 |
|     u_iv_top                      |     0.986 |
|       cordic_inst                 |     0.051 |
|       gen_init_guess.u_init_guess |     0.153 |
|       u_arb_fsm                   |     0.005 |
|       u_bs_datapath               |     0.593 |
|       u_gain_comp                 |     0.005 |
|       u_gamma_divider             |     0.080 |
|       u_nr_divider                |     0.085 |
+-----------------------------------+-----------+


