Copyright 1986-2022 Xilinx, Inc. All Rights Reserved. Copyright 2022-2025 Advanced Micro Devices, Inc. All Rights Reserved.
-------------------------------------------------------------------------------------------------------------------------------------------------
| Tool Version     : Vivado v.2025.2 (win64) Build 6299465 Fri Nov 14 19:35:11 GMT 2025
| Date             : Tue Sep  8 22:37:49 2026
| Host             : LAPTOP-EPHGQB72 running 64-bit major release  (build 9200)
| Command          : report_power -file impl_results/u50/u50_power.rpt -xpe impl_results/u50/u50_power.xpe
| Design           : iv_multi_engine_top
| Device           : xcu50-fsvh2104-2-e
| Design State     : routed
| Grade            : extended
| Process          : typical
| Characterization : Production
-------------------------------------------------------------------------------------------------------------------------------------------------

Power Report

Table of Contents
-----------------
1. Summary
1.1 On-Chip Components
1.2 Power Supply Summary
1.3 Confidence Level
2. Settings
2.1 Environment
2.2 Clock Constraints
3. Detailed Reports
3.1 By Hierarchy

1. Summary
----------

+--------------------------+--------------+
| Total On-Chip Power (W)  | 9.560        |
|   FPGA Power (W)         | 9.311        |
|   HBM Power (W)          | 0.249        |
| Design Power Budget (W)  | Unspecified* |
| Power Budget Margin (W)  | NA           |
| Dynamic (W)              | 7.214        |
| Device Static (W)        | 2.346        |
| Effective TJA (C/W)      | 0.5          |
| Max Ambient (C)          | 95.0         |
| Junction Temperature (C) | 30.0         |
| Confidence Level         | Medium       |
| Setting File             | ---          |
| Simulation Activity File | ---          |
| Design Nets Matched      | NA           |
+--------------------------+--------------+
* Specify Design Power Budget using, set_operating_conditions -design_power_budget <value in Watts>


1.1 On-Chip Components
----------------------

+--------------------------+-----------+----------+-----------+-----------------+
| On-Chip                  | Power (W) | Used     | Available | Utilization (%) |
+--------------------------+-----------+----------+-----------+-----------------+
| Clocks                   |     0.982 |        3 |       --- |             --- |
| CLB Logic                |     2.999 |   286373 |       --- |             --- |
|   LUT as Logic           |     2.255 |    96042 |    871680 |           11.02 |
|   LUT as Shift Register  |     0.303 |     8588 |    403200 |            2.13 |
|   Register               |     0.253 |   128817 |   1743360 |            7.39 |
|   CARRY8                 |     0.173 |     8352 |    108960 |            7.67 |
|   LUT as Distributed RAM |     0.014 |     1120 |    403200 |            0.28 |
|   Others                 |     0.000 |     1278 |       --- |             --- |
|   F7/F8 Muxes            |     0.000 |     6432 |    871680 |            0.74 |
| Signals                  |     2.236 |   209083 |       --- |             --- |
| DSPs                     |     0.997 |      576 |      5952 |            9.68 |
| Static Power             |     2.346 |          |           |                 |
| Total                    |     9.560 |          |           |                 |
+--------------------------+-----------+----------+-----------+-----------------+


1.2 Power Supply Summary
------------------------

+------------------+-------------+-----------+-------------+------------+-------------+-------------+------------+
| Source           | Voltage (V) | Total (A) | Dynamic (A) | Static (A) | Powerup (A) | Budget (A)  | Margin (A) |
+------------------+-------------+-----------+-------------+------------+-------------+-------------+------------+
| Vccint           |       0.850 |     9.473 |       8.487 |      0.986 |       NA    | Unspecified | NA         |
| Vccint_io        |       0.850 |     0.218 |       0.000 |      0.218 |       NA    | Unspecified | NA         |
| Vccbram          |       0.850 |     0.024 |       0.000 |      0.024 |       NA    | Unspecified | NA         |
| Vccaux           |       1.800 |     0.544 |       0.000 |      0.544 |       NA    | Unspecified | NA         |
| Vccaux_io        |       1.800 |     0.024 |       0.000 |      0.024 |       NA    | Unspecified | NA         |
| Vcco33           |       3.300 |     0.000 |       0.000 |      0.000 |       NA    | Unspecified | NA         |
| Vcco25           |       2.500 |     0.000 |       0.000 |      0.000 |       NA    | Unspecified | NA         |
| Vcco18           |       1.800 |     0.000 |       0.000 |      0.000 |       NA    | Unspecified | NA         |
| Vcco15           |       1.500 |     0.000 |       0.000 |      0.000 |       NA    | Unspecified | NA         |
| Vcco135          |       1.350 |     0.000 |       0.000 |      0.000 |       NA    | Unspecified | NA         |
| Vcco12           |       1.200 |     0.000 |       0.000 |      0.000 |       NA    | Unspecified | NA         |
| Vcco10           |       1.000 |     0.000 |       0.000 |      0.000 |       NA    | Unspecified | NA         |
| Vccadc           |       1.800 |     0.016 |       0.000 |      0.016 |       NA    | Unspecified | NA         |
| VCC_IO_HBM       |       1.200 |     0.083 |       0.000 |      0.083 |       NA    | Unspecified | NA         |
| VCC_HBM          |       1.200 |     0.081 |       0.000 |      0.081 |       NA    | Unspecified | NA         |
| VCCAUX_HBM       |       2.500 |     0.022 |       0.000 |      0.022 |       NA    | Unspecified | NA         |
| VMGTAVCC (GTY)   |       0.900 |     0.000 |       0.000 |      0.000 |       NA    | Unspecified | NA         |
| VMGTAVTT (GTY)   |       1.200 |     0.000 |       0.000 |      0.000 |       NA    | Unspecified | NA         |
| VMGTVCCAUX (GTY) |       1.800 |     0.000 |       0.000 |      0.000 |       NA    | Unspecified | NA         |
+------------------+-------------+-----------+-------------+------------+-------------+-------------+------------+


1.3 Confidence Level
--------------------

+-----------------------------+------------+------------------------------------------------+------------------------------------------------------------------------------------------------------------+
| User Input Data             | Confidence | Details                                        | Action                                                                                                     |
+-----------------------------+------------+------------------------------------------------+------------------------------------------------------------------------------------------------------------+
| Design implementation state | High       | Design is routed                               |                                                                                                            |
| Clock nodes activity        | High       | User specified more than 95% of clocks         |                                                                                                            |
| I/O nodes activity          | High       | User specified more than 95% of inputs         |                                                                                                            |
| Internal nodes activity     | Medium     | User specified less than 25% of internal nodes | Provide missing internal nodes activity with simulation results or by editing the "By Resource Type" views |
| Device models               | High       | Device models are Production                   |                                                                                                            |
|                             |            |                                                |                                                                                                            |
| Overall confidence level    | Medium     |                                                |                                                                                                            |
+-----------------------------+------------+------------------------------------------------+------------------------------------------------------------------------------------------------------------+


2. Settings
-----------

2.1 Environment
---------------

+-----------------------+--------------------------+
| Ambient Temp (C)      | 25.0                     |
| ThetaJA (C/W)         | 0.5                      |
| Airflow (LFM)         | 250                      |
| Heat Sink             | medium (Medium Profile)  |
| ThetaSA (C/W)         | 0.7                      |
| Board Selection       | medium (10"x10")         |
| # of Board Layers     | 12to15 (12 to 15 Layers) |
| Board Temperature (C) | 25.0                     |
+-----------------------+--------------------------+


2.2 Clock Constraints
---------------------

+-------+--------+-----------------+
| Clock | Domain | Constraint (ns) |
+-------+--------+-----------------+
| aclk  | aclk   |             4.0 |
+-------+--------+-----------------+


3. Detailed Reports
-------------------

3.1 By Hierarchy
----------------

+-----------------------------------+-----------+
| Name                              | Power (W) |
+-----------------------------------+-----------+
| iv_multi_engine_top               |     7.214 |
|   core_inst_gen[0].u_engine_core  |     1.780 |
|     u_iv_top                      |     1.699 |
|       cordic_inst                 |     0.078 |
|       gen_init_guess.u_init_guess |     0.234 |
|       u_arb_fsm                   |     0.010 |
|       u_bs_datapath               |     1.049 |
|       u_gain_comp                 |     0.005 |
|       u_gamma_divider             |     0.138 |
|       u_nr_divider                |     0.146 |
|   core_inst_gen[1].u_engine_core  |     1.799 |
|     u_iv_top                      |     1.715 |
|       cordic_inst                 |     0.078 |
|       gen_init_guess.u_init_guess |     0.236 |
|       u_arb_fsm                   |     0.010 |
|       u_bs_datapath               |     1.057 |
|       u_gain_comp                 |     0.005 |
|       u_gamma_divider             |     0.137 |
|       u_nr_divider                |     0.152 |
|   core_inst_gen[2].u_engine_core  |     1.821 |
|     u_iv_top                      |     1.730 |
|       cordic_inst                 |     0.082 |
|       gen_init_guess.u_init_guess |     0.242 |
|       u_arb_fsm                   |     0.010 |
|       u_bs_datapath               |     1.065 |
|       u_gain_comp                 |     0.005 |
|       u_gamma_divider             |     0.139 |
|       u_nr_divider                |     0.146 |
|   core_inst_gen[3].u_engine_core  |     1.812 |
|     u_iv_top                      |     1.731 |
|       cordic_inst                 |     0.079 |
|       gen_init_guess.u_init_guess |     0.237 |
|       u_arb_fsm                   |     0.010 |
|       u_bs_datapath               |     1.069 |
|       u_gain_comp                 |     0.004 |
|       u_gamma_divider             |     0.142 |
|       u_nr_divider                |     0.149 |
+-----------------------------------+-----------+


