Copyright 1986-2022 Xilinx, Inc. All Rights Reserved. Copyright 2022-2025 Advanced Micro Devices, Inc. All Rights Reserved.
---------------------------------------------------------------------------------------------------------------------------------------------
| Tool Version : Vivado v.2025.2 (win64) Build 6299465 Fri Nov 14 19:35:11 GMT 2025
| Date         : Sun Aug 30 19:36:50 2026
| Host         : LAPTOP-EPHGQB72 running 64-bit major release  (build 9200)
| Command      : report_timing_summary -max_paths 1 -file impl_results/artix7/timing_150mhz.rpt
| Design       : iv_axis_wrapper
| Device       : 7a200t-ffg1156
| Speed File   : -2  PRODUCTION 1.23 2018-06-13
| Design State : Routed
---------------------------------------------------------------------------------------------------------------------------------------------

Timing Summary Report

------------------------------------------------------------------------------------------------
| Timer Settings
| --------------
------------------------------------------------------------------------------------------------

  Enable Multi Corner Analysis               :  Yes
  Enable Pessimism Removal                   :  Yes
  Pessimism Removal Resolution               :  Nearest Common Node
  Enable Input Delay Default Clock           :  No
  Enable Preset / Clear Arcs                 :  No
  Disable Flight Delays                      :  No
  Ignore I/O Paths                           :  No
  Timing Early Launch at Borrowing Latches   :  No
  Borrow Time for Max Delay Exceptions       :  Yes
  Merge Timing Exceptions                    :  Yes
  Inter-SLR Compensation                     :  Conservative

  Corner  Analyze    Analyze    
  Name    Max Paths  Min Paths  
  ------  ---------  ---------  
  Slow    Yes        Yes        
  Fast    Yes        Yes        


------------------------------------------------------------------------------------------------
| Report Methodology
| ------------------
------------------------------------------------------------------------------------------------

No report available as report_methodology has not been run prior. Run report_methodology on the current design for the summary of methodology violations.



check_timing report

Table of Contents
-----------------
1. checking no_clock (0)
2. checking constant_clock (0)
3. checking pulse_width_clock (0)
4. checking unconstrained_internal_endpoints (0)
5. checking no_input_delay (169)
6. checking no_output_delay (40)
7. checking multiple_clock (0)
8. checking generated_clocks (0)
9. checking loops (0)
10. checking partial_input_delay (0)
11. checking partial_output_delay (0)
12. checking latch_loops (0)

1. checking no_clock (0)
------------------------
 There are 0 register/latch pins with no clock.


2. checking constant_clock (0)
------------------------------
 There are 0 register/latch pins with constant_clock.


3. checking pulse_width_clock (0)
---------------------------------
 There are 0 register/latch pins which need pulse_width check


4. checking unconstrained_internal_endpoints (0)
------------------------------------------------
 There are 0 pins that are not constrained for maximum delay.

 There are 0 pins that are not constrained for maximum delay due to constant clock.


5. checking no_input_delay (169)
--------------------------------
 There are 168 input ports with no input delay specified. (HIGH)

 There is 1 input port with no input delay but user has a false path constraint. (MEDIUM)


6. checking no_output_delay (40)
--------------------------------
 There are 40 ports with no output delay specified. (HIGH)

 There are 0 ports with no output delay but user has a false path constraint

 There are 0 ports with no output delay but with a timing clock defined on it or propagating through it


7. checking multiple_clock (0)
------------------------------
 There are 0 register/latch pins with multiple clocks.


8. checking generated_clocks (0)
--------------------------------
 There are 0 generated clocks that are not connected to a clock source.


9. checking loops (0)
---------------------
 There are 0 combinational loops in the design.


10. checking partial_input_delay (0)
------------------------------------
 There are 0 input ports with partial input delay specified.


11. checking partial_output_delay (0)
-------------------------------------
 There are 0 ports with partial output delay specified.


12. checking latch_loops (0)
----------------------------
 There are 0 combinational latch loops in the design through latch input



------------------------------------------------------------------------------------------------
| Design Timing Summary
| ---------------------
------------------------------------------------------------------------------------------------

    WNS(ns)      TNS(ns)  TNS Failing Endpoints  TNS Total Endpoints      WHS(ns)      THS(ns)  THS Failing Endpoints  THS Total Endpoints     WPWS(ns)     TPWS(ns)  TPWS Failing Endpoints  TPWS Total Endpoints  
    -------      -------  ---------------------  -------------------      -------      -------  ---------------------  -------------------     --------     --------  ----------------------  --------------------  
     -4.849    -4124.844                   2407                47153        0.015        0.000                      0                47153        2.203        0.000                       0                 35148  


Timing constraints are not met.


------------------------------------------------------------------------------------------------
| Clock Summary
| -------------
------------------------------------------------------------------------------------------------

Clock  Waveform(ns)         Period(ns)      Frequency(MHz)
-----  ------------         ----------      --------------
aclk   {0.000 3.333}        6.666           150.015         


------------------------------------------------------------------------------------------------
| Intra Clock Table
| -----------------
------------------------------------------------------------------------------------------------

Clock             WNS(ns)      TNS(ns)  TNS Failing Endpoints  TNS Total Endpoints      WHS(ns)      THS(ns)  THS Failing Endpoints  THS Total Endpoints     WPWS(ns)     TPWS(ns)  TPWS Failing Endpoints  TPWS Total Endpoints  
-----             -------      -------  ---------------------  -------------------      -------      -------  ---------------------  -------------------     --------     --------  ----------------------  --------------------  
aclk               -4.849    -4124.844                   2407                47153        0.015        0.000                      0                47153        2.203        0.000                       0                 35148  


------------------------------------------------------------------------------------------------
| Inter Clock Table
| -----------------
------------------------------------------------------------------------------------------------

From Clock    To Clock          WNS(ns)      TNS(ns)  TNS Failing Endpoints  TNS Total Endpoints      WHS(ns)      THS(ns)  THS Failing Endpoints  THS Total Endpoints  
----------    --------          -------      -------  ---------------------  -------------------      -------      -------  ---------------------  -------------------  


------------------------------------------------------------------------------------------------
| Other Path Groups Table
| -----------------------
------------------------------------------------------------------------------------------------

Path Group    From Clock    To Clock          WNS(ns)      TNS(ns)  TNS Failing Endpoints  TNS Total Endpoints      WHS(ns)      THS(ns)  THS Failing Endpoints  THS Total Endpoints  
----------    ----------    --------          -------      -------  ---------------------  -------------------      -------      -------  ---------------------  -------------------  


------------------------------------------------------------------------------------------------
| Timing Details
| --------------
------------------------------------------------------------------------------------------------


---------------------------------------------------------------------------------------------------
From Clock:  aclk
  To Clock:  aclk

Setup :         2407  Failing Endpoints,  Worst Slack       -4.849ns,  Total Violation    -4124.844ns
Hold  :            0  Failing Endpoints,  Worst Slack        0.015ns,  Total Violation        0.000ns
PW    :            0  Failing Endpoints,  Worst Slack        2.203ns,  Total Violation        0.000ns
---------------------------------------------------------------------------------------------------


Max Delay Paths
--------------------------------------------------------------------------------------
Slack (VIOLATED) :        -4.849ns  (required time - arrival time)
  Source:                 u_iv_top/u_bs_datapath/u_norm_d2/p3_3c0/CLK
                            (rising edge-triggered cell DSP48E1 clocked by aclk  {rise@0.000ns fall@3.333ns period=6.666ns})
  Destination:            u_iv_top/u_bs_datapath/u_norm_d2/p2_3d0/A[19]
                            (rising edge-triggered cell DSP48E1 clocked by aclk  {rise@0.000ns fall@3.333ns period=6.666ns})
  Path Group:             aclk
  Path Type:              Setup (Max at Slow Process Corner)
  Requirement:            6.666ns  (aclk rise@6.666ns - aclk rise@0.000ns)
  Data Path Delay:        9.653ns  (logic 6.754ns (69.969%)  route 2.899ns (30.031%))
  Logic Levels:           14  (CARRY4=10 DSP48E1=2 LUT2=2)
  Clock Path Skew:        -0.033ns (DCD - SCD + CPR)
    Destination Clock Delay (DCD):    1.380ns = ( 8.046 - 6.666 ) 
    Source Clock Delay      (SCD):    1.496ns
    Clock Pessimism Removal (CPR):    0.083ns
  Clock Uncertainty:      0.035ns  ((TSJ^2 + TIJ^2)^1/2 + DJ) / 2 + PE
    Total System Jitter     (TSJ):    0.071ns
    Total Input Jitter      (TIJ):    0.000ns
    Discrete Jitter          (DJ):    0.000ns
    Phase Error              (PE):    0.000ns

    Location             Delay type                Incr(ns)  Path(ns)    Netlist Resource(s)
  -------------------------------------------------------------------    -------------------
                         (clock aclk rise edge)       0.000     0.000 r  
                                                      0.000     0.000 r  aclk (IN)
                         net (fo=35149, unset)        1.496     1.496    u_iv_top/u_bs_datapath/u_norm_d2/aclk
    DSP48_X2Y42          DSP48E1                                      r  u_iv_top/u_bs_datapath/u_norm_d2/p3_3c0/CLK
  -------------------------------------------------------------------    -------------------
    DSP48_X2Y42          DSP48E1 (Prop_dsp48e1_CLK_P[15])
                                                      0.370     1.866 r  u_iv_top/u_bs_datapath/u_norm_d2/p3_3c0/P[15]
                         net (fo=1, routed)           0.632     2.498    u_iv_top/u_bs_datapath/u_norm_d2/p3_3c0_n_90
    SLICE_X57Y108        LUT2 (Prop_lut2_I0_O)        0.105     2.603 r  u_iv_top/u_bs_datapath/u_norm_d2/p2_3d2__1_i_2__0/O
                         net (fo=1, routed)           0.645     3.248    u_iv_top/u_bs_datapath/u_norm_d2/p3_3c[15]
    DSP48_X3Y43          DSP48E1 (Prop_dsp48e1_A[15]_PCOUT[47])
                                                      3.397     6.645 r  u_iv_top/u_bs_datapath/u_norm_d2/p2_3d2__1/PCOUT[47]
                         net (fo=1, routed)           0.002     6.647    u_iv_top/u_bs_datapath/u_norm_d2/p2_3d2__1_n_106
    DSP48_X3Y44          DSP48E1 (Prop_dsp48e1_PCIN[47]_P[0])
                                                      1.271     7.918 r  u_iv_top/u_bs_datapath/u_norm_d2/p2_3d2__2/P[0]
                         net (fo=2, routed)           0.959     8.877    u_iv_top/u_bs_datapath/u_norm_d2/p2_3d2__2_n_105
    SLICE_X46Y107        LUT2 (Prop_lut2_I0_O)        0.105     8.982 r  u_iv_top/u_bs_datapath/u_norm_d2/p2_3d0_i_49__0/O
                         net (fo=1, routed)           0.000     8.982    u_iv_top/u_bs_datapath/u_norm_d2/p2_3d0_i_49__0_n_0
    SLICE_X46Y107        CARRY4 (Prop_carry4_S[1]_CO[3])
                                                      0.444     9.426 r  u_iv_top/u_bs_datapath/u_norm_d2/p2_3d0_i_42__0/CO[3]
                         net (fo=1, routed)           0.000     9.426    u_iv_top/u_bs_datapath/u_norm_d2/p2_3d0_i_42__0_n_0
    SLICE_X46Y108        CARRY4 (Prop_carry4_CI_CO[3])
                                                      0.100     9.526 r  u_iv_top/u_bs_datapath/u_norm_d2/p2_3d0_i_25__0/CO[3]
                         net (fo=1, routed)           0.000     9.526    u_iv_top/u_bs_datapath/u_norm_d2/p2_3d0_i_25__0_n_0
    SLICE_X46Y109        CARRY4 (Prop_carry4_CI_CO[3])
                                                      0.100     9.626 r  u_iv_top/u_bs_datapath/u_norm_d2/p2_3d0_i_5__0/CO[3]
                         net (fo=1, routed)           0.000     9.626    u_iv_top/u_bs_datapath/u_norm_d2/p2_3d0_i_5__0_n_0
    SLICE_X46Y110        CARRY4 (Prop_carry4_CI_CO[3])
                                                      0.100     9.726 r  u_iv_top/u_bs_datapath/u_norm_d2/p2_3d0_i_4__0/CO[3]
                         net (fo=1, routed)           0.000     9.726    u_iv_top/u_bs_datapath/u_norm_d2/p2_3d0_i_4__0_n_0
    SLICE_X46Y111        CARRY4 (Prop_carry4_CI_CO[3])
                                                      0.100     9.826 r  u_iv_top/u_bs_datapath/u_norm_d2/p2_3d0_i_3__0/CO[3]
                         net (fo=1, routed)           0.000     9.826    u_iv_top/u_bs_datapath/u_norm_d2/p2_3d0_i_3__0_n_0
    SLICE_X46Y112        CARRY4 (Prop_carry4_CI_CO[3])
                                                      0.100     9.926 r  u_iv_top/u_bs_datapath/u_norm_d2/p2_3d0_i_2__0/CO[3]
                         net (fo=1, routed)           0.000     9.926    u_iv_top/u_bs_datapath/u_norm_d2/p2_3d0_i_2__0_n_0
    SLICE_X46Y113        CARRY4 (Prop_carry4_CI_CO[3])
                                                      0.100    10.026 r  u_iv_top/u_bs_datapath/u_norm_d2/p2_3d0_i_1__0/CO[3]
                         net (fo=1, routed)           0.000    10.026    u_iv_top/u_bs_datapath/u_norm_d2/p2_3d0_i_1__0_n_0
    SLICE_X46Y114        CARRY4 (Prop_carry4_CI_CO[3])
                                                      0.100    10.126 r  u_iv_top/u_bs_datapath/u_norm_d2/p2_3d0_i_8__0/CO[3]
                         net (fo=1, routed)           0.000    10.126    u_iv_top/u_bs_datapath/u_norm_d2/p2_3d0_i_8__0_n_0
    SLICE_X46Y115        CARRY4 (Prop_carry4_CI_CO[3])
                                                      0.100    10.226 r  u_iv_top/u_bs_datapath/u_norm_d2/p2_3d0_i_7__0/CO[3]
                         net (fo=1, routed)           0.000    10.226    u_iv_top/u_bs_datapath/u_norm_d2/p2_3d0_i_7__0_n_0
    SLICE_X46Y116        CARRY4 (Prop_carry4_CI_O[3])
                                                      0.262    10.488 r  u_iv_top/u_bs_datapath/u_norm_d2/p2_3d0_i_6__0/O[3]
                         net (fo=17, routed)          0.661    11.148    u_iv_top/u_bs_datapath/u_norm_d2/p2_3d0_i_6__0_n_4
    DSP48_X2Y46          DSP48E1                                      r  u_iv_top/u_bs_datapath/u_norm_d2/p2_3d0/A[19]
  -------------------------------------------------------------------    -------------------

                         (clock aclk rise edge)       6.666     6.666 r  
                                                      0.000     6.666 r  aclk (IN)
                         net (fo=35149, unset)        1.380     8.046    u_iv_top/u_bs_datapath/u_norm_d2/aclk
    DSP48_X2Y46          DSP48E1                                      r  u_iv_top/u_bs_datapath/u_norm_d2/p2_3d0/CLK
                         clock pessimism              0.083     8.129    
                         clock uncertainty           -0.035     8.093    
    DSP48_X2Y46          DSP48E1 (Setup_dsp48e1_CLK_A[19])
                                                     -1.794     6.299    u_iv_top/u_bs_datapath/u_norm_d2/p2_3d0
  -------------------------------------------------------------------
                         required time                          6.299    
                         arrival time                         -11.148    
  -------------------------------------------------------------------
                         slack                                 -4.849    





Min Delay Paths
--------------------------------------------------------------------------------------
Slack (MET) :             0.015ns  (arrival time - required time)
  Source:                 u_iv_top/u_bs_datapath/u_norm_d2/u_t_divider/quotient_out_reg[0]/C
                            (rising edge-triggered cell FDCE clocked by aclk  {rise@0.000ns fall@3.333ns period=6.666ns})
  Destination:            u_iv_top/u_bs_datapath/u_norm_d2/t3a_reg[0]/D
                            (rising edge-triggered cell FDCE clocked by aclk  {rise@0.000ns fall@3.333ns period=6.666ns})
  Path Group:             aclk
  Path Type:              Hold (Min at Fast Process Corner)
  Requirement:            0.000ns  (aclk rise@0.000ns - aclk rise@0.000ns)
  Data Path Delay:        0.335ns  (logic 0.186ns (55.525%)  route 0.149ns (44.475%))
  Logic Levels:           1  (LUT2=1)
  Clock Path Skew:        0.199ns (DCD - SCD - CPR)
    Destination Clock Delay (DCD):    0.851ns
    Source Clock Delay      (SCD):    0.647ns
    Clock Pessimism Removal (CPR):    0.005ns

    Location             Delay type                Incr(ns)  Path(ns)    Netlist Resource(s)
  -------------------------------------------------------------------    -------------------
                         (clock aclk rise edge)       0.000     0.000 r  
                                                      0.000     0.000 r  aclk (IN)
                         net (fo=35149, unset)        0.647     0.647    u_iv_top/u_bs_datapath/u_norm_d2/u_t_divider/aclk
    SLICE_X67Y99         FDCE                                         r  u_iv_top/u_bs_datapath/u_norm_d2/u_t_divider/quotient_out_reg[0]/C
  -------------------------------------------------------------------    -------------------
    SLICE_X67Y99         FDCE (Prop_fdce_C_Q)         0.141     0.788 r  u_iv_top/u_bs_datapath/u_norm_d2/u_t_divider/quotient_out_reg[0]/Q
                         net (fo=1, routed)           0.149     0.937    u_iv_top/u_bs_datapath/u_norm_d2/u_t_divider/t_div_out[0]
    SLICE_X66Y100        LUT2 (Prop_lut2_I0_O)        0.045     0.982 r  u_iv_top/u_bs_datapath/u_norm_d2/u_t_divider/t3a[0]_i_1__0/O
                         net (fo=1, routed)           0.000     0.982    u_iv_top/u_bs_datapath/u_norm_d2/u_t_divider_n_31
    SLICE_X66Y100        FDCE                                         r  u_iv_top/u_bs_datapath/u_norm_d2/t3a_reg[0]/D
  -------------------------------------------------------------------    -------------------

                         (clock aclk rise edge)       0.000     0.000 r  
                                                      0.000     0.000 r  aclk (IN)
                         net (fo=35149, unset)        0.851     0.851    u_iv_top/u_bs_datapath/u_norm_d2/aclk
    SLICE_X66Y100        FDCE                                         r  u_iv_top/u_bs_datapath/u_norm_d2/t3a_reg[0]/C
                         clock pessimism             -0.005     0.846    
    SLICE_X66Y100        FDCE (Hold_fdce_C_D)         0.121     0.967    u_iv_top/u_bs_datapath/u_norm_d2/t3a_reg[0]
  -------------------------------------------------------------------
                         required time                         -0.967    
                         arrival time                           0.982    
  -------------------------------------------------------------------
                         slack                                  0.015    





Pulse Width Checks
--------------------------------------------------------------------------------------
Clock Name:         aclk
Waveform(ns):       { 0.000 3.333 }
Period(ns):         6.666
Sources:            { aclk }

Check Type        Corner  Lib Pin      Reference Pin  Required(ns)  Actual(ns)  Slack(ns)  Location       Pin
Min Period        n/a     DSP48E1/CLK  n/a            1.816         6.666       4.850      DSP48_X6Y33    u_iv_top/u_bs_datapath/d1_den_2a1__0/CLK
Low Pulse Width   Slow    RAMD64E/CLK  n/a            1.130         3.333       2.203      SLICE_X98Y119  u_iv_top/ctx_C_reg_0_63_0_2/RAMA/CLK
High Pulse Width  Slow    RAMD64E/CLK  n/a            1.130         3.333       2.203      SLICE_X98Y119  u_iv_top/ctx_C_reg_0_63_0_2/RAMA/CLK



