Copyright 1986-2022 Xilinx, Inc. All Rights Reserved. Copyright 2022-2025 Advanced Micro Devices, Inc. All Rights Reserved.
---------------------------------------------------------------------------------------------------------------------------------------------
| Tool Version : Vivado v.2025.2 (win64) Build 6299465 Fri Nov 14 19:35:11 GMT 2025
| Date         : Fri Sep 18 22:23:26 2026
| Host         : LAPTOP-EPHGQB72 running 64-bit major release  (build 9200)
| Command      : report_utilization -file impl_results/artix7_4core_bram/artix7_bram_utilization.rpt -hierarchical -hierarchical_percentages
| Design       : iv_multi_engine_top_bram
| Device       : xc7a200tffg1156-3
| Speed File   : -3
| Design State : Routed
---------------------------------------------------------------------------------------------------------------------------------------------

Utilization Design Information

Table of Contents
-----------------
1. Utilization by Hierarchy

1. Utilization by Hierarchy
---------------------------

+---------------------------------------+--------------------------------+----------------+---------------+-----------+--------------+----------------+----------+-----------+-------------+
|                Instance               |             Module             |   Total LUTs   |   Logic LUTs  |  LUTRAMs  |     SRLs     |       FFs      |  RAMB36  |   RAMB18  |  DSP Blocks |
+---------------------------------------+--------------------------------+----------------+---------------+-----------+--------------+----------------+----------+-----------+-------------+
| iv_multi_engine_top_bram              |                          (top) | 105441(78.80%) | 96761(72.32%) | 24(0.05%) | 8656(18.74%) | 129883(48.54%) | 0(0.00%) | 28(3.84%) | 608(82.16%) |
|   (iv_multi_engine_top_bram)          |                          (top) |       1(0.01%) |      1(0.01%) |  0(0.00%) |     0(0.00%) |     288(0.11%) | 0(0.00%) |  0(0.00%) |    0(0.00%) |
|   core_inst_gen[0].u_engine_core      |           iv_axis_wrapper_bram |  26503(19.81%) | 24291(18.15%) |  6(0.01%) |  2206(4.77%) |  32490(12.14%) | 0(0.00%) |  7(0.96%) | 152(20.54%) |
|     (core_inst_gen[0].u_engine_core)  |           iv_axis_wrapper_bram |    3029(2.26%) |   3029(2.26%) |  0(0.00%) |     0(0.00%) |    8325(3.11%) | 0(0.00%) |  0(0.00%) |    0(0.00%) |
|     u_iv_top                          |                 iv_top_bram_42 |  23583(17.63%) | 21371(15.97%) |  6(0.01%) |  2206(4.77%) |   24165(9.03%) | 0(0.00%) |  7(0.96%) | 152(20.54%) |
|       (u_iv_top)                      |                 iv_top_bram_42 |     555(0.41%) |     98(0.07%) |  6(0.01%) |   451(0.98%) |     948(0.35%) | 0(0.00%) |  7(0.96%) |    0(0.00%) |
|       cordic_inst                     | pipelined_hyperbolic_cordic_43 |    1248(0.93%) |   1247(0.93%) |  0(0.00%) |     1(0.01%) |    1670(0.62%) | 0(0.00%) |  0(0.00%) |    0(0.00%) |
|       gen_init_guess.u_init_guess     |         iv_bs_initial_guess_44 |    4117(3.08%) |   3942(2.95%) |  0(0.00%) |   175(0.38%) |    3875(1.45%) | 0(0.00%) |  0(0.00%) |    8(1.08%) |
|         (gen_init_guess.u_init_guess) |         iv_bs_initial_guess_44 |     236(0.18%) |     98(0.07%) |  0(0.00%) |   138(0.30%) |     257(0.10%) | 0(0.00%) |  0(0.00%) |    8(1.08%) |
|         u_init_divider                |             iv_divider_q824_56 |    2403(1.80%) |   2366(1.77%) |  0(0.00%) |    37(0.08%) |    2109(0.79%) | 0(0.00%) |  0(0.00%) |    0(0.00%) |
|         u_sqrt_T                      |                iv_sqrt_q824_57 |    1478(1.10%) |   1478(1.10%) |  0(0.00%) |     0(0.00%) |    1509(0.56%) | 0(0.00%) |  0(0.00%) |    0(0.00%) |
|       u_arb_fsm                       |          iv_arbitration_fsm_45 |     250(0.19%) |    250(0.19%) |  0(0.00%) |     0(0.00%) |     167(0.06%) | 0(0.00%) |  0(0.00%) |    0(0.00%) |
|       u_bs_datapath                   |              iv_bs_datapath_46 |   13038(9.74%) |  11529(8.62%) |  0(0.00%) |  1509(3.27%) |   13319(4.98%) | 0(0.00%) |  0(0.00%) | 140(18.92%) |
|         (u_bs_datapath)               |              iv_bs_datapath_46 |    2384(1.78%) |   1238(0.93%) |  0(0.00%) |  1146(2.48%) |    2509(0.94%) | 0(0.00%) |  0(0.00%) |   44(5.95%) |
|         u_d1_divider                  |             iv_divider_q824_50 |    2272(1.70%) |   2236(1.67%) |  0(0.00%) |    36(0.08%) |    2067(0.77%) | 0(0.00%) |  0(0.00%) |    0(0.00%) |
|         u_ln_divider                  |             iv_divider_q824_51 |    2240(1.67%) |   2204(1.65%) |  0(0.00%) |    36(0.08%) |    2035(0.76%) | 0(0.00%) |  0(0.00%) |    0(0.00%) |
|         u_norm_d1                     |                 iv_norm_cdf_52 |    3095(2.31%) |   2933(2.19%) |  0(0.00%) |   162(0.35%) |    3370(1.26%) | 0(0.00%) |  0(0.00%) |   48(6.49%) |
|           (u_norm_d1)                 |                 iv_norm_cdf_52 |     904(0.68%) |    774(0.58%) |  0(0.00%) |   130(0.28%) |    1317(0.49%) | 0(0.00%) |  0(0.00%) |   48(6.49%) |
|           u_t_divider                 |             iv_divider_q824_55 |    2191(1.64%) |   2159(1.61%) |  0(0.00%) |    32(0.07%) |    2053(0.77%) | 0(0.00%) |  0(0.00%) |    0(0.00%) |
|         u_norm_d2                     |                 iv_norm_cdf_53 |    3047(2.28%) |   2918(2.18%) |  0(0.00%) |   129(0.28%) |    3338(1.25%) | 0(0.00%) |  0(0.00%) |   48(6.49%) |
|           (u_norm_d2)                 |                 iv_norm_cdf_53 |     856(0.64%) |    758(0.57%) |  0(0.00%) |    98(0.21%) |    1285(0.48%) | 0(0.00%) |  0(0.00%) |   48(6.49%) |
|           u_t_divider                 |             iv_divider_q824_54 |    2192(1.64%) |   2161(1.62%) |  0(0.00%) |    31(0.07%) |    2053(0.77%) | 0(0.00%) |  0(0.00%) |    0(0.00%) |
|       u_gain_comp                     |           iv_kn_compensator_47 |      69(0.05%) |     69(0.05%) |  0(0.00%) |     0(0.00%) |      52(0.02%) | 0(0.00%) |  0(0.00%) |    4(0.54%) |
|       u_gamma_divider                 |             iv_divider_q824_48 |    2140(1.60%) |   2105(1.57%) |  0(0.00%) |    35(0.08%) |    2067(0.77%) | 0(0.00%) |  0(0.00%) |    0(0.00%) |
|       u_nr_divider                    |             iv_divider_q824_49 |    2215(1.66%) |   2180(1.63%) |  0(0.00%) |    35(0.08%) |    2067(0.77%) | 0(0.00%) |  0(0.00%) |    0(0.00%) |
|   core_inst_gen[1].u_engine_core      |         iv_axis_wrapper_bram_0 |  26467(19.78%) | 24311(18.17%) |  6(0.01%) |  2150(4.65%) |  32354(12.09%) | 0(0.00%) |  7(0.96%) | 152(20.54%) |
|     (core_inst_gen[1].u_engine_core)  |         iv_axis_wrapper_bram_0 |    3164(2.36%) |   3164(2.36%) |  0(0.00%) |     0(0.00%) |    8325(3.11%) | 0(0.00%) |  0(0.00%) |    0(0.00%) |
|     u_iv_top                          |                 iv_top_bram_26 |  23412(17.50%) | 21256(15.89%) |  6(0.01%) |  2150(4.65%) |   24029(8.98%) | 0(0.00%) |  7(0.96%) | 152(20.54%) |
|       (u_iv_top)                      |                 iv_top_bram_26 |     546(0.41%) |     95(0.07%) |  6(0.01%) |   445(0.96%) |     936(0.35%) | 0(0.00%) |  7(0.96%) |    0(0.00%) |
|       cordic_inst                     | pipelined_hyperbolic_cordic_27 |    1247(0.93%) |   1246(0.93%) |  0(0.00%) |     1(0.01%) |    1614(0.60%) | 0(0.00%) |  0(0.00%) |    0(0.00%) |
|       gen_init_guess.u_init_guess     |         iv_bs_initial_guess_28 |    3947(2.95%) |   3822(2.86%) |  0(0.00%) |   125(0.27%) |    3807(1.42%) | 0(0.00%) |  0(0.00%) |    8(1.08%) |
|         (gen_init_guess.u_init_guess) |         iv_bs_initial_guess_28 |     185(0.14%) |     97(0.07%) |  0(0.00%) |    88(0.19%) |     189(0.07%) | 0(0.00%) |  0(0.00%) |    8(1.08%) |
|         u_init_divider                |             iv_divider_q824_40 |    2409(1.80%) |   2372(1.77%) |  0(0.00%) |    37(0.08%) |    2109(0.79%) | 0(0.00%) |  0(0.00%) |    0(0.00%) |
|         u_sqrt_T                      |                iv_sqrt_q824_41 |    1353(1.01%) |   1353(1.01%) |  0(0.00%) |     0(0.00%) |    1509(0.56%) | 0(0.00%) |  0(0.00%) |    0(0.00%) |
|       u_arb_fsm                       |          iv_arbitration_fsm_29 |     252(0.19%) |    252(0.19%) |  0(0.00%) |     0(0.00%) |     167(0.06%) | 0(0.00%) |  0(0.00%) |    0(0.00%) |
|       u_bs_datapath                   |              iv_bs_datapath_30 |   13044(9.75%) |  11535(8.62%) |  0(0.00%) |  1509(3.27%) |   13319(4.98%) | 0(0.00%) |  0(0.00%) | 140(18.92%) |
|         (u_bs_datapath)               |              iv_bs_datapath_30 |    2386(1.78%) |   1240(0.93%) |  0(0.00%) |  1146(2.48%) |    2509(0.94%) | 0(0.00%) |  0(0.00%) |   44(5.95%) |
|         u_d1_divider                  |             iv_divider_q824_34 |    2272(1.70%) |   2236(1.67%) |  0(0.00%) |    36(0.08%) |    2067(0.77%) | 0(0.00%) |  0(0.00%) |    0(0.00%) |
|         u_ln_divider                  |             iv_divider_q824_35 |    2240(1.67%) |   2204(1.65%) |  0(0.00%) |    36(0.08%) |    2035(0.76%) | 0(0.00%) |  0(0.00%) |    0(0.00%) |
|         u_norm_d1                     |                 iv_norm_cdf_36 |    3098(2.32%) |   2936(2.19%) |  0(0.00%) |   162(0.35%) |    3370(1.26%) | 0(0.00%) |  0(0.00%) |   48(6.49%) |
|           (u_norm_d1)                 |                 iv_norm_cdf_36 |     905(0.68%) |    775(0.58%) |  0(0.00%) |   130(0.28%) |    1317(0.49%) | 0(0.00%) |  0(0.00%) |   48(6.49%) |
|           u_t_divider                 |             iv_divider_q824_39 |    2193(1.64%) |   2161(1.62%) |  0(0.00%) |    32(0.07%) |    2053(0.77%) | 0(0.00%) |  0(0.00%) |    0(0.00%) |
|         u_norm_d2                     |                 iv_norm_cdf_37 |    3048(2.28%) |   2919(2.18%) |  0(0.00%) |   129(0.28%) |    3338(1.25%) | 0(0.00%) |  0(0.00%) |   48(6.49%) |
|           (u_norm_d2)                 |                 iv_norm_cdf_37 |     856(0.64%) |    758(0.57%) |  0(0.00%) |    98(0.21%) |    1285(0.48%) | 0(0.00%) |  0(0.00%) |   48(6.49%) |
|           u_t_divider                 |             iv_divider_q824_38 |    2192(1.64%) |   2161(1.62%) |  0(0.00%) |    31(0.07%) |    2053(0.77%) | 0(0.00%) |  0(0.00%) |    0(0.00%) |
|       u_gain_comp                     |           iv_kn_compensator_31 |      69(0.05%) |     69(0.05%) |  0(0.00%) |     0(0.00%) |      52(0.02%) | 0(0.00%) |  0(0.00%) |    4(0.54%) |
|       u_gamma_divider                 |             iv_divider_q824_32 |    2140(1.60%) |   2105(1.57%) |  0(0.00%) |    35(0.08%) |    2067(0.77%) | 0(0.00%) |  0(0.00%) |    0(0.00%) |
|       u_nr_divider                    |             iv_divider_q824_33 |    2216(1.66%) |   2181(1.63%) |  0(0.00%) |    35(0.08%) |    2067(0.77%) | 0(0.00%) |  0(0.00%) |    0(0.00%) |
|   core_inst_gen[2].u_engine_core      |         iv_axis_wrapper_bram_1 |  26212(19.59%) | 24056(17.98%) |  6(0.01%) |  2150(4.65%) |  32376(12.10%) | 0(0.00%) |  7(0.96%) | 152(20.54%) |
|     (core_inst_gen[2].u_engine_core)  |         iv_axis_wrapper_bram_1 |    3031(2.27%) |   3031(2.27%) |  0(0.00%) |     0(0.00%) |    8325(3.11%) | 0(0.00%) |  0(0.00%) |    0(0.00%) |
|     u_iv_top                          |                 iv_top_bram_10 |  23295(17.41%) | 21139(15.80%) |  6(0.01%) |  2150(4.65%) |   24051(8.99%) | 0(0.00%) |  7(0.96%) | 152(20.54%) |
|       (u_iv_top)                      |                 iv_top_bram_10 |     551(0.41%) |    100(0.07%) |  6(0.01%) |   445(0.96%) |     936(0.35%) | 0(0.00%) |  7(0.96%) |    0(0.00%) |
|       cordic_inst                     | pipelined_hyperbolic_cordic_11 |    1247(0.93%) |   1246(0.93%) |  0(0.00%) |     1(0.01%) |    1614(0.60%) | 0(0.00%) |  0(0.00%) |    0(0.00%) |
|       gen_init_guess.u_init_guess     |         iv_bs_initial_guess_12 |    3939(2.94%) |   3814(2.85%) |  0(0.00%) |   125(0.27%) |    3829(1.43%) | 0(0.00%) |  0(0.00%) |    8(1.08%) |
|         (gen_init_guess.u_init_guess) |         iv_bs_initial_guess_12 |     185(0.14%) |     97(0.07%) |  0(0.00%) |    88(0.19%) |     189(0.07%) | 0(0.00%) |  0(0.00%) |    8(1.08%) |
|         u_init_divider                |             iv_divider_q824_24 |    2400(1.79%) |   2363(1.77%) |  0(0.00%) |    37(0.08%) |    2131(0.80%) | 0(0.00%) |  0(0.00%) |    0(0.00%) |
|         u_sqrt_T                      |                iv_sqrt_q824_25 |    1354(1.01%) |   1354(1.01%) |  0(0.00%) |     0(0.00%) |    1509(0.56%) | 0(0.00%) |  0(0.00%) |    0(0.00%) |
|       u_arb_fsm                       |          iv_arbitration_fsm_13 |     251(0.19%) |    251(0.19%) |  0(0.00%) |     0(0.00%) |     167(0.06%) | 0(0.00%) |  0(0.00%) |    0(0.00%) |
|       u_bs_datapath                   |              iv_bs_datapath_14 |   12936(9.67%) |  11427(8.54%) |  0(0.00%) |  1509(3.27%) |   13319(4.98%) | 0(0.00%) |  0(0.00%) | 140(18.92%) |
|         (u_bs_datapath)               |              iv_bs_datapath_14 |    2279(1.70%) |   1133(0.85%) |  0(0.00%) |  1146(2.48%) |    2509(0.94%) | 0(0.00%) |  0(0.00%) |   44(5.95%) |
|         u_d1_divider                  |             iv_divider_q824_18 |    2272(1.70%) |   2236(1.67%) |  0(0.00%) |    36(0.08%) |    2067(0.77%) | 0(0.00%) |  0(0.00%) |    0(0.00%) |
|         u_ln_divider                  |             iv_divider_q824_19 |    2240(1.67%) |   2204(1.65%) |  0(0.00%) |    36(0.08%) |    2035(0.76%) | 0(0.00%) |  0(0.00%) |    0(0.00%) |
|         u_norm_d1                     |                 iv_norm_cdf_20 |    3097(2.31%) |   2935(2.19%) |  0(0.00%) |   162(0.35%) |    3370(1.26%) | 0(0.00%) |  0(0.00%) |   48(6.49%) |
|           (u_norm_d1)                 |                 iv_norm_cdf_20 |     904(0.68%) |    774(0.58%) |  0(0.00%) |   130(0.28%) |    1317(0.49%) | 0(0.00%) |  0(0.00%) |   48(6.49%) |
|           u_t_divider                 |             iv_divider_q824_23 |    2193(1.64%) |   2161(1.62%) |  0(0.00%) |    32(0.07%) |    2053(0.77%) | 0(0.00%) |  0(0.00%) |    0(0.00%) |
|         u_norm_d2                     |                 iv_norm_cdf_21 |    3048(2.28%) |   2919(2.18%) |  0(0.00%) |   129(0.28%) |    3338(1.25%) | 0(0.00%) |  0(0.00%) |   48(6.49%) |
|           (u_norm_d2)                 |                 iv_norm_cdf_21 |     856(0.64%) |    758(0.57%) |  0(0.00%) |    98(0.21%) |    1285(0.48%) | 0(0.00%) |  0(0.00%) |   48(6.49%) |
|           u_t_divider                 |             iv_divider_q824_22 |    2192(1.64%) |   2161(1.62%) |  0(0.00%) |    31(0.07%) |    2053(0.77%) | 0(0.00%) |  0(0.00%) |    0(0.00%) |
|       u_gain_comp                     |           iv_kn_compensator_15 |      69(0.05%) |     69(0.05%) |  0(0.00%) |     0(0.00%) |      52(0.02%) | 0(0.00%) |  0(0.00%) |    4(0.54%) |
|       u_gamma_divider                 |             iv_divider_q824_16 |    2139(1.60%) |   2104(1.57%) |  0(0.00%) |    35(0.08%) |    2067(0.77%) | 0(0.00%) |  0(0.00%) |    0(0.00%) |
|       u_nr_divider                    |             iv_divider_q824_17 |    2214(1.65%) |   2179(1.63%) |  0(0.00%) |    35(0.08%) |    2067(0.77%) | 0(0.00%) |  0(0.00%) |    0(0.00%) |
|   core_inst_gen[3].u_engine_core      |         iv_axis_wrapper_bram_2 |  26268(19.63%) | 24112(18.02%) |  6(0.01%) |  2150(4.65%) |  32375(12.10%) | 0(0.00%) |  7(0.96%) | 152(20.54%) |
|     (core_inst_gen[3].u_engine_core)  |         iv_axis_wrapper_bram_2 |    2977(2.22%) |   2977(2.22%) |  0(0.00%) |     0(0.00%) |    8325(3.11%) | 0(0.00%) |  0(0.00%) |    0(0.00%) |
|     u_iv_top                          |                    iv_top_bram |  23399(17.49%) | 21243(15.88%) |  6(0.01%) |  2150(4.65%) |   24050(8.99%) | 0(0.00%) |  7(0.96%) | 152(20.54%) |
|       (u_iv_top)                      |                    iv_top_bram |     547(0.41%) |     96(0.07%) |  6(0.01%) |   445(0.96%) |     936(0.35%) | 0(0.00%) |  7(0.96%) |    0(0.00%) |
|       cordic_inst                     |    pipelined_hyperbolic_cordic |    1241(0.93%) |   1240(0.93%) |  0(0.00%) |     1(0.01%) |    1614(0.60%) | 0(0.00%) |  0(0.00%) |    0(0.00%) |
|       gen_init_guess.u_init_guess     |            iv_bs_initial_guess |    3948(2.95%) |   3823(2.86%) |  0(0.00%) |   125(0.27%) |    3828(1.43%) | 0(0.00%) |  0(0.00%) |    8(1.08%) |
|         (gen_init_guess.u_init_guess) |            iv_bs_initial_guess |     185(0.14%) |     97(0.07%) |  0(0.00%) |    88(0.19%) |     189(0.07%) | 0(0.00%) |  0(0.00%) |    8(1.08%) |
|         u_init_divider                |              iv_divider_q824_9 |    2409(1.80%) |   2372(1.77%) |  0(0.00%) |    37(0.08%) |    2130(0.80%) | 0(0.00%) |  0(0.00%) |    0(0.00%) |
|         u_sqrt_T                      |                   iv_sqrt_q824 |    1354(1.01%) |   1354(1.01%) |  0(0.00%) |     0(0.00%) |    1509(0.56%) | 0(0.00%) |  0(0.00%) |    0(0.00%) |
|       u_arb_fsm                       |             iv_arbitration_fsm |     252(0.19%) |    252(0.19%) |  0(0.00%) |     0(0.00%) |     167(0.06%) | 0(0.00%) |  0(0.00%) |    0(0.00%) |
|       u_bs_datapath                   |                 iv_bs_datapath |   13040(9.75%) |  11531(8.62%) |  0(0.00%) |  1509(3.27%) |   13319(4.98%) | 0(0.00%) |  0(0.00%) | 140(18.92%) |
|         (u_bs_datapath)               |                 iv_bs_datapath |    2387(1.78%) |   1241(0.93%) |  0(0.00%) |  1146(2.48%) |    2509(0.94%) | 0(0.00%) |  0(0.00%) |   44(5.95%) |
|         u_d1_divider                  |              iv_divider_q824_4 |    2270(1.70%) |   2234(1.67%) |  0(0.00%) |    36(0.08%) |    2067(0.77%) | 0(0.00%) |  0(0.00%) |    0(0.00%) |
|         u_ln_divider                  |              iv_divider_q824_5 |    2240(1.67%) |   2204(1.65%) |  0(0.00%) |    36(0.08%) |    2035(0.76%) | 0(0.00%) |  0(0.00%) |    0(0.00%) |
|         u_norm_d1                     |                    iv_norm_cdf |    3094(2.31%) |   2932(2.19%) |  0(0.00%) |   162(0.35%) |    3370(1.26%) | 0(0.00%) |  0(0.00%) |   48(6.49%) |
|           (u_norm_d1)                 |                    iv_norm_cdf |     904(0.68%) |    774(0.58%) |  0(0.00%) |   130(0.28%) |    1317(0.49%) | 0(0.00%) |  0(0.00%) |   48(6.49%) |
|           u_t_divider                 |              iv_divider_q824_8 |    2190(1.64%) |   2158(1.61%) |  0(0.00%) |    32(0.07%) |    2053(0.77%) | 0(0.00%) |  0(0.00%) |    0(0.00%) |
|         u_norm_d2                     |                  iv_norm_cdf_6 |    3049(2.28%) |   2920(2.18%) |  0(0.00%) |   129(0.28%) |    3338(1.25%) | 0(0.00%) |  0(0.00%) |   48(6.49%) |
|           (u_norm_d2)                 |                  iv_norm_cdf_6 |     856(0.64%) |    758(0.57%) |  0(0.00%) |    98(0.21%) |    1285(0.48%) | 0(0.00%) |  0(0.00%) |   48(6.49%) |
|           u_t_divider                 |              iv_divider_q824_7 |    2193(1.64%) |   2162(1.62%) |  0(0.00%) |    31(0.07%) |    2053(0.77%) | 0(0.00%) |  0(0.00%) |    0(0.00%) |
|       u_gain_comp                     |              iv_kn_compensator |      69(0.05%) |     69(0.05%) |  0(0.00%) |     0(0.00%) |      52(0.02%) | 0(0.00%) |  0(0.00%) |    4(0.54%) |
|       u_gamma_divider                 |                iv_divider_q824 |    2140(1.60%) |   2105(1.57%) |  0(0.00%) |    35(0.08%) |    2067(0.77%) | 0(0.00%) |  0(0.00%) |    0(0.00%) |
|       u_nr_divider                    |              iv_divider_q824_3 |    2214(1.65%) |   2179(1.63%) |  0(0.00%) |    35(0.08%) |    2067(0.77%) | 0(0.00%) |  0(0.00%) |    0(0.00%) |
+---------------------------------------+--------------------------------+----------------+---------------+-----------+--------------+----------------+----------+-----------+-------------+
* Note: The sum of lower-level cells may be larger than their parent cells total, due to cross-hierarchy LUT combining


