Copyright 1986-2022 Xilinx, Inc. All Rights Reserved. Copyright 2022-2025 Advanced Micro Devices, Inc. All Rights Reserved.
-------------------------------------------------------------------------------------------------------------------------------------------------
| Tool Version     : Vivado v.2025.2 (win64) Build 6299465 Fri Nov 14 19:35:11 GMT 2025
| Date             : Thu Sep  3 10:59:38 2026
| Host             : LAPTOP-EPHGQB72 running 64-bit major release  (build 9200)
| Command          : report_power -file impl_results/artix7_4core/artix7_power.rpt -xpe impl_results/artix7_4core/artix7_power.xpe
| Design           : iv_multi_engine_top
| Device           : xc7a200tffg1156-2
| Design State     : routed
| Grade            : commercial
| Process          : typical
| Characterization : Production
-------------------------------------------------------------------------------------------------------------------------------------------------

Power Report

Table of Contents
-----------------
1. Summary
1.1 On-Chip Components
1.2 Power Supply Summary
1.3 Confidence Level
2. Settings
2.1 Environment
2.2 Clock Constraints
3. Detailed Reports
3.1 By Hierarchy

1. Summary
----------

+--------------------------+--------------+
| Total On-Chip Power (W)  | 4.641        |
| Design Power Budget (W)  | Unspecified* |
| Power Budget Margin (W)  | NA           |
| Dynamic (W)              | 4.509        |
| Device Static (W)        | 0.133        |
| Effective TJA (C/W)      | 1.5          |
| Max Ambient (C)          | 78.3         |
| Junction Temperature (C) | 31.7         |
| Confidence Level         | Medium       |
| Setting File             | ---          |
| Simulation Activity File | ---          |
| Design Nets Matched      | NA           |
+--------------------------+--------------+
* Specify Design Power Budget using, set_operating_conditions -design_power_budget <value in Watts>


1.1 On-Chip Components
----------------------

+--------------------------+-----------+----------+-----------+-----------------+
| On-Chip                  | Power (W) | Used     | Available | Utilization (%) |
+--------------------------+-----------+----------+-----------+-----------------+
| Clocks                   |     0.597 |        3 |       --- |             --- |
| Slice Logic              |     1.664 |   322907 |       --- |             --- |
|   LUT as Logic           |     1.430 |    98959 |    133800 |           73.96 |
|   CARRY4                 |     0.107 |    17616 |     33450 |           52.66 |
|   Register               |     0.103 |   137433 |    267600 |           51.36 |
|   LUT as Shift Register  |     0.021 |     5578 |     46200 |           12.07 |
|   F7/F8 Muxes            |     0.002 |     7752 |    133800 |            5.79 |
|   LUT as Distributed RAM |     0.001 |      904 |     46200 |            1.96 |
|   Others                 |     0.000 |      506 |       --- |             --- |
|   BUFG                   |     0.000 |        1 |        32 |            3.13 |
| Signals                  |     1.761 |   220810 |       --- |             --- |
| DSPs                     |     0.487 |      560 |       740 |           75.68 |
| Static Power             |     0.133 |          |           |                 |
| Total                    |     4.641 |          |           |                 |
+--------------------------+-----------+----------+-----------+-----------------+


1.2 Power Supply Summary
------------------------

+-----------+-------------+-----------+-------------+------------+-------------+-------------+------------+
| Source    | Voltage (V) | Total (A) | Dynamic (A) | Static (A) | Powerup (A) | Budget (A)  | Margin (A) |
+-----------+-------------+-----------+-------------+------------+-------------+-------------+------------+
| Vccint    |       1.000 |     4.548 |       4.509 |      0.039 |       NA    | Unspecified | NA         |
| Vccaux    |       1.800 |     0.031 |       0.000 |      0.031 |       NA    | Unspecified | NA         |
| Vcco33    |       3.300 |     0.000 |       0.000 |      0.000 |       NA    | Unspecified | NA         |
| Vcco25    |       2.500 |     0.000 |       0.000 |      0.000 |       NA    | Unspecified | NA         |
| Vcco18    |       1.800 |     0.000 |       0.000 |      0.000 |       NA    | Unspecified | NA         |
| Vcco15    |       1.500 |     0.000 |       0.000 |      0.000 |       NA    | Unspecified | NA         |
| Vcco135   |       1.350 |     0.000 |       0.000 |      0.000 |       NA    | Unspecified | NA         |
| Vcco12    |       1.200 |     0.000 |       0.000 |      0.000 |       NA    | Unspecified | NA         |
| Vccaux_io |       1.800 |     0.000 |       0.000 |      0.000 |       NA    | Unspecified | NA         |
| Vccbram   |       1.000 |     0.001 |       0.000 |      0.001 |       NA    | Unspecified | NA         |
| MGTAVcc   |       1.000 |     0.000 |       0.000 |      0.000 |       NA    | Unspecified | NA         |
| MGTAVtt   |       1.200 |     0.000 |       0.000 |      0.000 |       NA    | Unspecified | NA         |
| Vccadc    |       1.800 |     0.020 |       0.000 |      0.020 |       NA    | Unspecified | NA         |
+-----------+-------------+-----------+-------------+------------+-------------+-------------+------------+


1.3 Confidence Level
--------------------

+-----------------------------+------------+------------------------------------------------+------------------------------------------------------------------------------------------------------------+
| User Input Data             | Confidence | Details                                        | Action                                                                                                     |
+-----------------------------+------------+------------------------------------------------+------------------------------------------------------------------------------------------------------------+
| Design implementation state | High       | Design is routed                               |                                                                                                            |
| Clock nodes activity        | High       | User specified more than 95% of clocks         |                                                                                                            |
| I/O nodes activity          | High       | User specified more than 95% of inputs         |                                                                                                            |
| Internal nodes activity     | Medium     | User specified less than 25% of internal nodes | Provide missing internal nodes activity with simulation results or by editing the "By Resource Type" views |
| Device models               | High       | Device models are Production                   |                                                                                                            |
|                             |            |                                                |                                                                                                            |
| Overall confidence level    | Medium     |                                                |                                                                                                            |
+-----------------------------+------------+------------------------------------------------+------------------------------------------------------------------------------------------------------------+


2. Settings
-----------

2.1 Environment
---------------

+-----------------------+--------------------------+
| Ambient Temp (C)      | 25.0                     |
| ThetaJA (C/W)         | 1.5                      |
| Airflow (LFM)         | 250                      |
| Heat Sink             | medium (Medium Profile)  |
| ThetaSA (C/W)         | 2.4                      |
| Board Selection       | medium (10"x10")         |
| # of Board Layers     | 12to15 (12 to 15 Layers) |
| Board Temperature (C) | 25.0                     |
+-----------------------+--------------------------+


2.2 Clock Constraints
---------------------

+-------+--------+-----------------+
| Clock | Domain | Constraint (ns) |
+-------+--------+-----------------+
| aclk  | aclk   |            10.0 |
+-------+--------+-----------------+


3. Detailed Reports
-------------------

3.1 By Hierarchy
----------------

+----------------------------------+-----------+
| Name                             | Power (W) |
+----------------------------------+-----------+
| iv_multi_engine_top              |     4.509 |
|   core_inst_gen[0].u_engine_core |     1.138 |
|     u_iv_top                     |     1.081 |
|       cordic_inst                |     0.050 |
|       u_arb_fsm                  |     0.004 |
|       u_bs_datapath              |     0.878 |
|       u_gain_comp                |     0.005 |
|       u_nr_divider               |     0.136 |
|   core_inst_gen[1].u_engine_core |     1.136 |
|     u_iv_top                     |     1.080 |
|       cordic_inst                |     0.049 |
|       u_arb_fsm                  |     0.005 |
|       u_bs_datapath              |     0.879 |
|       u_gain_comp                |     0.005 |
|       u_nr_divider               |     0.132 |
|   core_inst_gen[2].u_engine_core |     1.125 |
|     u_iv_top                     |     1.068 |
|       cordic_inst                |     0.052 |
|       u_arb_fsm                  |     0.005 |
|       u_bs_datapath              |     0.868 |
|       u_gain_comp                |     0.005 |
|       u_nr_divider               |     0.130 |
|   core_inst_gen[3].u_engine_core |     1.108 |
|     u_iv_top                     |     1.052 |
|       cordic_inst                |     0.048 |
|       u_arb_fsm                  |     0.005 |
|       u_bs_datapath              |     0.857 |
|       u_gain_comp                |     0.005 |
|       u_nr_divider               |     0.128 |
+----------------------------------+-----------+


